2026.08.09 23:07:54 LOG6[ui]: Initializing inetd mode configuration
2026.08.09 23:07:54 LOG5[ui]: stunnel 5.63 on x86_64-pc-linux-gnu platform
2026.08.09 23:07:54 LOG5[ui]: Compiled with OpenSSL 3.0.2 15 Mar 2022
2026.08.09 23:07:54 LOG5[ui]: Running  with OpenSSL 3.5.8-dev 
2026.08.09 23:07:54 LOG5[ui]: Update OpenSSL shared libraries or rebuild stunnel
2026.08.09 23:07:54 LOG5[ui]: Threading:PTHREAD Sockets:POLL,IPv6,SYSTEMD TLS:ENGINE,OCSP,PSK,SNI Auth:LIBWRAP
2026.08.09 23:07:54 LOG6[ui]: Initializing inetd mode configuration
2026.08.09 23:07:54 LOG5[ui]: Reading configuration from file /home/sahana/Migration-Orchestrator/migration/stunnel_configs/client.conf
2026.08.09 23:07:54 LOG5[ui]: UTF-8 byte order mark not detected
2026.08.09 23:07:54 LOG5[ui]: FIPS mode disabled
2026.08.09 23:07:54 LOG6[ui]: Compression enabled: 0 methods
2026.08.09 23:07:54 LOG6[ui]: Initializing service [classical-test]
2026.08.09 23:07:54 LOG6[ui]: OpenSSL security level is used: 2
2026.08.09 23:07:54 LOG6[ui]: Session resumption enabled
2026.08.09 23:07:54 LOG4[ui]: Service [classical-test] needs authentication to prevent MITM attacks
2026.08.09 23:07:54 LOG6[ui]: DH initialization skipped: client section
2026.08.09 23:07:54 LOG5[ui]: Configuration successful
2026.08.09 23:07:54 LOG6[ui]: Service [classical-test] (FD=9) bound to 127.0.0.1:7000
2026.08.09 23:07:54 LOG6[cron]: Executing cron jobs
2026.08.09 23:07:54 LOG6[cron]: Cron jobs completed in 0 seconds
2026.08.09 23:07:58 LOG5[0]: Service [classical-test] accepted connection from 127.0.0.1:53758
2026.08.09 23:07:58 LOG6[0]: s_connect: connecting 127.0.0.1:8443
2026.08.09 23:07:58 LOG5[0]: s_connect: connected 127.0.0.1:8443
2026.08.09 23:07:58 LOG5[0]: Service [classical-test] connected remote server from 127.0.0.1:41568
2026.08.09 23:07:58 LOG6[0]: SNI: sending servername: 127.0.0.1
2026.08.09 23:07:58 LOG6[0]: Peer certificate not required
2026.08.09 23:07:58 LOG6[0]: Certificate verification disabled
2026.08.09 23:07:58 LOG6[0]: Certificate verification disabled
2026.08.09 23:07:58 LOG6[0]: TLS connected: new session negotiated
2026.08.09 23:07:58 LOG6[0]: TLSv1.3 ciphersuite: TLS_AES_256_GCM_SHA384 (256-bit encryption)
2026.08.09 23:07:58 LOG6[0]: Peer temporary key: X25519, 253 bits
2026.08.09 23:07:58 LOG6[0]: Session id: 8137644A71D347577E75A69D3B9EDC8A0995D054ADE9762601A3235654288DFF
2026.08.09 23:07:58 LOG6[0]: Session id: EA00CA18B0B0012A0F830DB2B94D3BEE4C4F31A2953CAD9DD6D5B808855C759B
2026.08.09 23:07:58 LOG6[0]: TLS closed (SSL_read)
2026.08.09 23:07:58 LOG6[0]: Read socket closed (readsocket)
2026.08.09 23:07:58 LOG6[0]: SSL_shutdown successfully sent close_notify alert
2026.08.09 23:07:58 LOG5[0]: Connection closed: 78 byte(s) sent to TLS, 882 byte(s) sent to socket
2026.08.09 23:10:25 LOG3[ui]: Received SIGINT; terminating
2026.08.09 23:10:25 LOG6[ui]: Terminating 1 service thread(s)
2026.08.09 23:10:25 LOG6[ui]: Service threads terminated
